../Core/Src/main.c:83:6:HAL_UART_RxCpltCallback	16	static
../Core/Src/main.c:110:6:HAL_TIM_PeriodElapsedCallback	16	static
../Core/Src/main.c:119:9:leitura_buffer	16	static
../Core/Src/main.c:128:6:trata_uart_tfmini	8	static
../Core/Src/main.c:133:6:trata_string	16	static
../Core/Src/main.c:137:6:transmite_tfmini	24	static
../Core/Src/main.c:144:6:trata_uart_rs485	16	static
../Core/Src/main.c:166:5:main	8	static
../Core/Src/main.c:226:6:SystemClock_Config	72	static
../Core/Src/main.c:266:13:MX_I2C1_Init	8	static
../Core/Src/main.c:300:13:MX_TIM3_Init	32	static
../Core/Src/main.c:345:13:MX_USART1_UART_Init	8	static
../Core/Src/main.c:378:13:MX_USART2_UART_Init	8	static
../Core/Src/main.c:411:13:MX_GPIO_Init	40	static
../Core/Src/main.c:465:6:Error_Handler	4	static,ignoring_inline_asm
