../Core/Src/main.c:91:6:HAL_UART_RxCpltCallback	16	static
../Core/Src/main.c:111:6:HAL_TIM_PeriodElapsedCallback	16	static
../Core/Src/main.c:126:6:trata_uart	4	static
../Core/Src/main.c:145:6:trata_string	8	static
../Core/Src/main.c:148:6:transmite_tfmini	24	static
../Core/Src/main.c:159:5:main	8	static
../Core/Src/main.c:231:6:SystemClock_Config	88	static
../Core/Src/main.c:279:13:MX_I2C3_Init	8	static
../Core/Src/main.c:327:13:MX_RTC_Init	8	static
../Core/Src/main.c:364:13:MX_TIM3_Init	40	static
../Core/Src/main.c:409:13:MX_USART1_UART_Init	8	static
../Core/Src/main.c:457:13:MX_USART3_UART_Init	8	static
../Core/Src/main.c:503:13:MX_DMA_Init	16	static
../Core/Src/main.c:522:13:MX_GPIO_Init	40	static
../Core/Src/main.c:562:6:Error_Handler	4	static,ignoring_inline_asm
